[2025-06-03 16:30:44,966] INFO Registered kafka:type=kafka.Log4jController MBean (kafka.utils.Log4jControllerRegistration$)
[2025-06-03 16:30:45,094] ERROR Exiting Kafka due to fatal exception (kafka.Kafka$)
java.lang.RuntimeException: No readable meta.properties files found.
	at org.apache.kafka.metadata.properties.MetaPropertiesEnsemble.verify(MetaPropertiesEnsemble.java:480) ~[kafka-metadata-4.0.0.jar:?]
	at kafka.server.KafkaRaftServer$.initializeLogDirs(KafkaRaftServer.scala:141) ~[kafka_2.13-4.0.0.jar:?]
	at kafka.server.KafkaRaftServer.<init>(KafkaRaftServer.scala:56) ~[kafka_2.13-4.0.0.jar:?]
	at kafka.Kafka$.buildServer(Kafka.scala:68) ~[kafka_2.13-4.0.0.jar:?]
	at kafka.Kafka$.main(Kafka.scala:75) [kafka_2.13-4.0.0.jar:?]
	at kafka.Kafka.main(Kafka.scala) [kafka_2.13-4.0.0.jar:?]
[2025-06-03 16:31:56,489] INFO Registered kafka:type=kafka.Log4jController MBean (kafka.utils.Log4jControllerRegistration$)
[2025-06-03 16:31:56,622] ERROR Exiting Kafka due to fatal exception (kafka.Kafka$)
java.lang.RuntimeException: No readable meta.properties files found.
	at org.apache.kafka.metadata.properties.MetaPropertiesEnsemble.verify(MetaPropertiesEnsemble.java:480) ~[kafka-metadata-4.0.0.jar:?]
	at kafka.server.KafkaRaftServer$.initializeLogDirs(KafkaRaftServer.scala:141) ~[kafka_2.13-4.0.0.jar:?]
	at kafka.server.KafkaRaftServer.<init>(KafkaRaftServer.scala:56) ~[kafka_2.13-4.0.0.jar:?]
	at kafka.Kafka$.buildServer(Kafka.scala:68) ~[kafka_2.13-4.0.0.jar:?]
	at kafka.Kafka$.main(Kafka.scala:75) [kafka_2.13-4.0.0.jar:?]
	at kafka.Kafka.main(Kafka.scala) [kafka_2.13-4.0.0.jar:?]
[2025-06-03 16:32:33,668] INFO Registered kafka:type=kafka.Log4jController MBean (kafka.utils.Log4jControllerRegistration$)
[2025-06-03 16:32:33,792] ERROR Exiting Kafka due to fatal exception (kafka.Kafka$)
java.lang.RuntimeException: No readable meta.properties files found.
	at org.apache.kafka.metadata.properties.MetaPropertiesEnsemble.verify(MetaPropertiesEnsemble.java:480) ~[kafka-metadata-4.0.0.jar:?]
	at kafka.server.KafkaRaftServer$.initializeLogDirs(KafkaRaftServer.scala:141) ~[kafka_2.13-4.0.0.jar:?]
	at kafka.server.KafkaRaftServer.<init>(KafkaRaftServer.scala:56) ~[kafka_2.13-4.0.0.jar:?]
	at kafka.Kafka$.buildServer(Kafka.scala:68) ~[kafka_2.13-4.0.0.jar:?]
	at kafka.Kafka$.main(Kafka.scala:75) [kafka_2.13-4.0.0.jar:?]
	at kafka.Kafka.main(Kafka.scala) [kafka_2.13-4.0.0.jar:?]
[2025-06-03 16:42:07,602] INFO Registered kafka:type=kafka.Log4jController MBean (kafka.utils.Log4jControllerRegistration$)
[2025-06-03 16:42:07,724] ERROR Exiting Kafka due to fatal exception (kafka.Kafka$)
java.lang.RuntimeException: No readable meta.properties files found.
	at org.apache.kafka.metadata.properties.MetaPropertiesEnsemble.verify(MetaPropertiesEnsemble.java:480) ~[kafka-metadata-4.0.0.jar:?]
	at kafka.server.KafkaRaftServer$.initializeLogDirs(KafkaRaftServer.scala:141) ~[kafka_2.13-4.0.0.jar:?]
	at kafka.server.KafkaRaftServer.<init>(KafkaRaftServer.scala:56) ~[kafka_2.13-4.0.0.jar:?]
	at kafka.Kafka$.buildServer(Kafka.scala:68) ~[kafka_2.13-4.0.0.jar:?]
	at kafka.Kafka$.main(Kafka.scala:75) [kafka_2.13-4.0.0.jar:?]
	at kafka.Kafka.main(Kafka.scala) [kafka_2.13-4.0.0.jar:?]
