java.io.NotSerializableException: com.project.matchingengine.service.OrderBook$$Lambda/0x000000ff01001000
	at java.base/java.io.ObjectOutputStream.writeObject0(ObjectOutputStream.java:1121)
	at java.base/java.io.ObjectOutputStream.writeArray(ObjectOutputStream.java:1296)
	at java.base/java.io.ObjectOutputStream.writeObject0(ObjectOutputStream.java:1111)
	at java.base/java.io.ObjectOutputStream.defaultWriteFields(ObjectOutputStream.java:1487)
	at java.base/java.io.ObjectOutputStream.writeSerialData(ObjectOutputStream.java:1444)
	at java.base/java.io.ObjectOutputStream.writeOrdinaryObject(ObjectOutputStream.java:1353)
	at java.base/java.io.ObjectOutputStream.writeObject0(ObjectOutputStream.java:1115)
	at java.base/java.io.ObjectOutputStream.defaultWriteFields(ObjectOutputStream.java:1487)
	at java.base/java.io.ObjectOutputStream.writeSerialData(ObjectOutputStream.java:1444)
	at java.base/java.io.ObjectOutputStream.writeOrdinaryObject(ObjectOutputStream.java:1353)
	at java.base/java.io.ObjectOutputStream.writeObject0(ObjectOutputStream.java:1115)
	at java.base/java.io.ObjectOutputStream.writeArray(ObjectOutputStream.java:1296)
	at java.base/java.io.ObjectOutputStream.writeObject0(ObjectOutputStream.java:1111)
	at java.base/java.io.ObjectOutputStream.defaultWriteFields(ObjectOutputStream.java:1487)
	at java.base/java.io.ObjectOutputStream.writeSerialData(ObjectOutputStream.java:1444)
	at java.base/java.io.ObjectOutputStream.writeOrdinaryObject(ObjectOutputStream.java:1353)
	at java.base/java.io.ObjectOutputStream.writeObject0(ObjectOutputStream.java:1115)
	at java.base/java.io.ObjectOutputStream.defaultWriteFields(ObjectOutputStream.java:1487)
	at java.base/java.io.ObjectOutputStream.defaultWriteObject(ObjectOutputStream.java:423)
	at java.base/java.util.PriorityQueue.writeObject(PriorityQueue.java:763)
	at java.base/jdk.internal.reflect.DirectMethodHandleAccessor.invoke(DirectMethodHandleAccessor.java:104)
	at java.base/java.lang.reflect.Method.invoke(Method.java:565)
	at java.base/java.io.ObjectStreamClass.invokeWriteObject(ObjectStreamClass.java:946)
	at java.base/java.io.ObjectOutputStream.writeSerialData(ObjectOutputStream.java:1431)
	at java.base/java.io.ObjectOutputStream.writeOrdinaryObject(ObjectOutputStream.java:1353)
	at java.base/java.io.ObjectOutputStream.writeObject0(ObjectOutputStream.java:1115)
	at java.base/java.io.ObjectOutputStream.defaultWriteFields(ObjectOutputStream.java:1487)
	at java.base/java.io.ObjectOutputStream.writeSerialData(ObjectOutputStream.java:1444)
	at java.base/java.io.ObjectOutputStream.writeOrdinaryObject(ObjectOutputStream.java:1353)
	at java.base/java.io.ObjectOutputStream.writeObject0(ObjectOutputStream.java:1115)
	at java.base/java.io.ObjectOutputStream.writeObject(ObjectOutputStream.java:336)
	at com.project.matchingengine.tests.OrderBookVerification.testOrderBookSerialization(OrderBookVerification.java:103)
	at com.project.matchingengine.tests.OrderBookVerification.main(OrderBookVerification.java:61)
