[2026-02-02T10:00:09.611+0800][gc,init] CardTable entry size: 512
[2026-02-02T10:00:09.611+0800][gc     ] Using G1
[2026-02-02T10:00:09.613+0800][gc,init] Version: 20.0.2+9-78 (release)
[2026-02-02T10:00:09.613+0800][gc,init] CPUs: 8 total, 8 available
[2026-02-02T10:00:09.613+0800][gc,init] Memory: 16384M
[2026-02-02T10:00:09.613+0800][gc,init] Large Page Support: Disabled
[2026-02-02T10:00:09.613+0800][gc,init] NUMA Support: Disabled
[2026-02-02T10:00:09.613+0800][gc,init] Compressed Oops: Enabled (Zero based)
[2026-02-02T10:00:09.613+0800][gc,init] Heap Region Size: 1M
[2026-02-02T10:00:09.613+0800][gc,init] Heap Min Capacity: 1G
[2026-02-02T10:00:09.613+0800][gc,init] Heap Initial Capacity: 1G
[2026-02-02T10:00:09.613+0800][gc,init] Heap Max Capacity: 1G
[2026-02-02T10:00:09.613+0800][gc,init] Pre-touch: Disabled
[2026-02-02T10:00:09.613+0800][gc,init] Parallel Workers: 8
[2026-02-02T10:00:09.613+0800][gc,init] Concurrent Workers: 2
[2026-02-02T10:00:09.613+0800][gc,init] Concurrent Refinement Workers: 8
[2026-02-02T10:00:09.613+0800][gc,init] Periodic GC: Disabled
[2026-02-02T10:00:09.618+0800][gc,metaspace] CDS archive(s) mapped at: [0x000000d000000000-0x000000d000c78000-0x000000d000c78000), size 13074432, SharedBaseAddress: 0x000000d000000000, ArchiveRelocationMode: 1.
[2026-02-02T10:00:09.618+0800][gc,metaspace] Compressed class space mapped at: 0x000000d001000000-0x000000d041000000, reserved size: 1073741824
[2026-02-02T10:00:09.618+0800][gc,metaspace] Narrow klass base: 0x000000d000000000, Narrow klass shift: 0, Narrow klass range: 0x100000000
[2026-02-02T10:00:10.390+0800][gc,start    ] GC(0) Pause Young (Normal) (G1 Evacuation Pause)
[2026-02-02T10:00:10.390+0800][gc,task     ] GC(0) Using 8 workers of 8 for evacuation
[2026-02-02T10:00:10.394+0800][gc,phases   ] GC(0)   Pre Evacuate Collection Set: 0.2ms
[2026-02-02T10:00:10.394+0800][gc,phases   ] GC(0)   Merge Heap Roots: 0.0ms
[2026-02-02T10:00:10.394+0800][gc,phases   ] GC(0)   Evacuate Collection Set: 2.9ms
[2026-02-02T10:00:10.394+0800][gc,phases   ] GC(0)   Post Evacuate Collection Set: 0.4ms
[2026-02-02T10:00:10.394+0800][gc,phases   ] GC(0)   Other: 0.2ms
[2026-02-02T10:00:10.394+0800][gc,heap     ] GC(0) Eden regions: 51->0(44)
[2026-02-02T10:00:10.394+0800][gc,heap     ] GC(0) Survivor regions: 0->7(7)
[2026-02-02T10:00:10.394+0800][gc,heap     ] GC(0) Old regions: 0->1
[2026-02-02T10:00:10.394+0800][gc,heap     ] GC(0) Archive regions: 2->2
[2026-02-02T10:00:10.394+0800][gc,heap     ] GC(0) Humongous regions: 0->0
[2026-02-02T10:00:10.394+0800][gc,metaspace] GC(0) Metaspace: 17285K(17472K)->17285K(17472K) NonClass: 15256K(15360K)->15256K(15360K) Class: 2028K(2112K)->2028K(2112K)
[2026-02-02T10:00:10.394+0800][gc          ] GC(0) Pause Young (Normal) (G1 Evacuation Pause) 51M->8M(1024M) 3.980ms
[2026-02-02T10:00:10.394+0800][gc,cpu      ] GC(0) User=0.02s Sys=0.00s Real=0.00s
[2026-02-02T10:00:10.585+0800][gc,start    ] GC(1) Pause Young (Concurrent Start) (Metadata GC Threshold)
[2026-02-02T10:00:10.585+0800][gc,task     ] GC(1) Using 8 workers of 8 for evacuation
[2026-02-02T10:00:10.588+0800][gc,phases   ] GC(1)   Pre Evacuate Collection Set: 0.2ms
[2026-02-02T10:00:10.588+0800][gc,phases   ] GC(1)   Merge Heap Roots: 0.0ms
[2026-02-02T10:00:10.588+0800][gc,phases   ] GC(1)   Evacuate Collection Set: 2.7ms
[2026-02-02T10:00:10.588+0800][gc,phases   ] GC(1)   Post Evacuate Collection Set: 0.3ms
[2026-02-02T10:00:10.588+0800][gc,phases   ] GC(1)   Other: 0.0ms
[2026-02-02T10:00:10.589+0800][gc,heap     ] GC(1) Eden regions: 16->0(49)
[2026-02-02T10:00:10.589+0800][gc,heap     ] GC(1) Survivor regions: 7->2(7)
[2026-02-02T10:00:10.589+0800][gc,heap     ] GC(1) Old regions: 1->9
[2026-02-02T10:00:10.589+0800][gc,heap     ] GC(1) Archive regions: 2->2
[2026-02-02T10:00:10.589+0800][gc,heap     ] GC(1) Humongous regions: 0->0
[2026-02-02T10:00:10.589+0800][gc,metaspace] GC(1) Metaspace: 21287K(21504K)->21287K(21504K) NonClass: 18778K(18880K)->18778K(18880K) Class: 2509K(2624K)->2509K(2624K)
[2026-02-02T10:00:10.589+0800][gc          ] GC(1) Pause Young (Concurrent Start) (Metadata GC Threshold) 24M->10M(1024M) 3.453ms
[2026-02-02T10:00:10.589+0800][gc,cpu      ] GC(1) User=0.01s Sys=0.00s Real=0.00s
[2026-02-02T10:00:10.589+0800][gc          ] GC(2) Concurrent Mark Cycle
[2026-02-02T10:00:10.589+0800][gc,marking  ] GC(2) Concurrent Scan Root Regions
[2026-02-02T10:00:10.591+0800][gc,marking  ] GC(2) Concurrent Scan Root Regions 2.226ms
[2026-02-02T10:00:10.591+0800][gc,marking  ] GC(2) Concurrent Mark
[2026-02-02T10:00:10.591+0800][gc,marking  ] GC(2) Concurrent Mark From Roots
[2026-02-02T10:00:10.591+0800][gc,task     ] GC(2) Using 2 workers of 2 for marking
[2026-02-02T10:00:10.592+0800][gc,marking  ] GC(2) Concurrent Mark From Roots 1.202ms
[2026-02-02T10:00:10.592+0800][gc,marking  ] GC(2) Concurrent Preclean
[2026-02-02T10:00:10.592+0800][gc,marking  ] GC(2) Concurrent Preclean 0.018ms
[2026-02-02T10:00:10.593+0800][gc,start    ] GC(2) Pause Remark
[2026-02-02T10:00:10.594+0800][gc          ] GC(2) Pause Remark 11M->11M(1024M) 1.752ms
[2026-02-02T10:00:10.594+0800][gc,cpu      ] GC(2) User=0.00s Sys=0.00s Real=0.00s
[2026-02-02T10:00:10.594+0800][gc,marking  ] GC(2) Concurrent Mark 3.506ms
[2026-02-02T10:00:10.594+0800][gc,marking  ] GC(2) Concurrent Rebuild Remembered Sets and Scrub Regions
[2026-02-02T10:00:10.597+0800][gc,marking  ] GC(2) Concurrent Rebuild Remembered Sets and Scrub Regions 2.396ms
[2026-02-02T10:00:10.597+0800][gc,start    ] GC(2) Pause Cleanup
[2026-02-02T10:00:10.597+0800][gc          ] GC(2) Pause Cleanup 11M->11M(1024M) 0.106ms
[2026-02-02T10:00:10.597+0800][gc,cpu      ] GC(2) User=0.00s Sys=0.00s Real=0.00s
[2026-02-02T10:00:10.597+0800][gc,marking  ] GC(2) Concurrent Clear Claimed Marks
[2026-02-02T10:00:10.597+0800][gc,marking  ] GC(2) Concurrent Clear Claimed Marks 0.061ms
[2026-02-02T10:00:10.597+0800][gc,marking  ] GC(2) Concurrent Cleanup for Next Mark
[2026-02-02T10:00:10.599+0800][gc,marking  ] GC(2) Concurrent Cleanup for Next Mark 2.071ms
[2026-02-02T10:00:10.600+0800][gc          ] GC(2) Concurrent Mark Cycle 11.633ms
[2026-02-02T10:00:11.154+0800][gc,start    ] GC(3) Pause Young (Normal) (G1 Evacuation Pause)
[2026-02-02T10:00:11.154+0800][gc,task     ] GC(3) Using 8 workers of 8 for evacuation
[2026-02-02T10:00:11.159+0800][gc,phases   ] GC(3)   Pre Evacuate Collection Set: 0.1ms
[2026-02-02T10:00:11.159+0800][gc,phases   ] GC(3)   Merge Heap Roots: 0.1ms
[2026-02-02T10:00:11.159+0800][gc,phases   ] GC(3)   Evacuate Collection Set: 3.8ms
[2026-02-02T10:00:11.159+0800][gc,phases   ] GC(3)   Post Evacuate Collection Set: 0.5ms
[2026-02-02T10:00:11.159+0800][gc,phases   ] GC(3)   Other: 0.1ms
[2026-02-02T10:00:11.159+0800][gc,heap     ] GC(3) Eden regions: 49->0(44)
[2026-02-02T10:00:11.159+0800][gc,heap     ] GC(3) Survivor regions: 2->7(7)
[2026-02-02T10:00:11.159+0800][gc,heap     ] GC(3) Old regions: 9->9
[2026-02-02T10:00:11.159+0800][gc,heap     ] GC(3) Archive regions: 2->2
[2026-02-02T10:00:11.159+0800][gc,heap     ] GC(3) Humongous regions: 129->129
[2026-02-02T10:00:11.159+0800][gc,metaspace] GC(3) Metaspace: 32686K(33024K)->32686K(33024K) NonClass: 29155K(29312K)->29155K(29312K) Class: 3531K(3712K)->3531K(3712K)
[2026-02-02T10:00:11.159+0800][gc          ] GC(3) Pause Young (Normal) (G1 Evacuation Pause) 188M->145M(1024M) 4.788ms
[2026-02-02T10:00:11.159+0800][gc,cpu      ] GC(3) User=0.02s Sys=0.01s Real=0.00s
[2026-02-02T10:00:11.268+0800][gc,start    ] GC(4) Pause Young (Concurrent Start) (Metadata GC Threshold)
[2026-02-02T10:00:11.268+0800][gc,task     ] GC(4) Using 8 workers of 8 for evacuation
[2026-02-02T10:00:11.275+0800][gc,phases   ] GC(4)   Pre Evacuate Collection Set: 0.2ms
[2026-02-02T10:00:11.276+0800][gc,phases   ] GC(4)   Merge Heap Roots: 0.0ms
[2026-02-02T10:00:11.276+0800][gc,phases   ] GC(4)   Evacuate Collection Set: 6.7ms
[2026-02-02T10:00:11.276+0800][gc,phases   ] GC(4)   Post Evacuate Collection Set: 0.8ms
[2026-02-02T10:00:11.276+0800][gc,phases   ] GC(4)   Other: 0.1ms
[2026-02-02T10:00:11.276+0800][gc,heap     ] GC(4) Eden regions: 12->0(49)
[2026-02-02T10:00:11.276+0800][gc,heap     ] GC(4) Survivor regions: 7->2(7)
[2026-02-02T10:00:11.276+0800][gc,heap     ] GC(4) Old regions: 9->15
[2026-02-02T10:00:11.276+0800][gc,heap     ] GC(4) Archive regions: 2->2
[2026-02-02T10:00:11.276+0800][gc,heap     ] GC(4) Humongous regions: 129->129
[2026-02-02T10:00:11.276+0800][gc,metaspace] GC(4) Metaspace: 35675K(35968K)->35675K(35968K) NonClass: 31816K(31936K)->31816K(31936K) Class: 3859K(4032K)->3859K(4032K)
[2026-02-02T10:00:11.276+0800][gc          ] GC(4) Pause Young (Concurrent Start) (Metadata GC Threshold) 156M->145M(1024M) 8.373ms
[2026-02-02T10:00:11.276+0800][gc,cpu      ] GC(4) User=0.02s Sys=0.00s Real=0.01s
[2026-02-02T10:00:11.276+0800][gc          ] GC(5) Concurrent Mark Cycle
[2026-02-02T10:00:11.276+0800][gc,marking  ] GC(5) Concurrent Scan Root Regions
[2026-02-02T10:00:11.281+0800][gc,marking  ] GC(5) Concurrent Scan Root Regions 4.993ms
[2026-02-02T10:00:11.281+0800][gc,marking  ] GC(5) Concurrent Mark
[2026-02-02T10:00:11.281+0800][gc,marking  ] GC(5) Concurrent Mark From Roots
[2026-02-02T10:00:11.281+0800][gc,task     ] GC(5) Using 2 workers of 2 for marking
[2026-02-02T10:00:11.297+0800][gc,marking  ] GC(5) Concurrent Mark From Roots 16.187ms
[2026-02-02T10:00:11.299+0800][gc,marking  ] GC(5) Concurrent Preclean
[2026-02-02T10:00:11.300+0800][gc,marking  ] GC(5) Concurrent Preclean 0.635ms
[2026-02-02T10:00:11.303+0800][gc,start    ] GC(5) Pause Remark
[2026-02-02T10:00:11.308+0800][gc          ] GC(5) Pause Remark 147M->147M(1024M) 4.927ms
[2026-02-02T10:00:11.309+0800][gc,cpu      ] GC(5) User=0.01s Sys=0.00s Real=0.00s
[2026-02-02T10:00:11.312+0800][gc,marking  ] GC(5) Concurrent Mark 31.245ms
[2026-02-02T10:00:11.313+0800][gc,marking  ] GC(5) Concurrent Rebuild Remembered Sets and Scrub Regions
[2026-02-02T10:00:11.322+0800][gc,marking  ] GC(5) Concurrent Rebuild Remembered Sets and Scrub Regions 9.411ms
[2026-02-02T10:00:11.327+0800][gc,start    ] GC(5) Pause Cleanup
[2026-02-02T10:00:11.327+0800][gc          ] GC(5) Pause Cleanup 147M->147M(1024M) 0.581ms
[2026-02-02T10:00:11.327+0800][gc,cpu      ] GC(5) User=0.00s Sys=0.00s Real=0.00s
[2026-02-02T10:00:11.328+0800][gc,marking  ] GC(5) Concurrent Clear Claimed Marks
[2026-02-02T10:00:11.328+0800][gc,marking  ] GC(5) Concurrent Clear Claimed Marks 0.042ms
[2026-02-02T10:00:11.328+0800][gc,marking  ] GC(5) Concurrent Cleanup for Next Mark
[2026-02-02T10:00:11.330+0800][gc,marking  ] GC(5) Concurrent Cleanup for Next Mark 2.060ms
[2026-02-02T10:00:11.330+0800][gc          ] GC(5) Concurrent Mark Cycle 53.651ms
