[2026-03-27T13:11:50.970+0800][gc,init] CardTable entry size: 512
[2026-03-27T13:11:50.970+0800][gc     ] Using G1
[2026-03-27T13:11:50.971+0800][gc,init] Version: 20.0.2+9-78 (release)
[2026-03-27T13:11:50.971+0800][gc,init] CPUs: 8 total, 8 available
[2026-03-27T13:11:50.971+0800][gc,init] Memory: 16384M
[2026-03-27T13:11:50.971+0800][gc,init] Large Page Support: Disabled
[2026-03-27T13:11:50.971+0800][gc,init] NUMA Support: Disabled
[2026-03-27T13:11:50.971+0800][gc,init] Compressed Oops: Enabled (Zero based)
[2026-03-27T13:11:50.971+0800][gc,init] Heap Region Size: 1M
[2026-03-27T13:11:50.971+0800][gc,init] Heap Min Capacity: 512M
[2026-03-27T13:11:50.971+0800][gc,init] Heap Initial Capacity: 512M
[2026-03-27T13:11:50.971+0800][gc,init] Heap Max Capacity: 512M
[2026-03-27T13:11:50.971+0800][gc,init] Pre-touch: Disabled
[2026-03-27T13:11:50.971+0800][gc,init] Parallel Workers: 8
[2026-03-27T13:11:50.971+0800][gc,init] Concurrent Workers: 2
[2026-03-27T13:11:50.971+0800][gc,init] Concurrent Refinement Workers: 8
[2026-03-27T13:11:50.971+0800][gc,init] Periodic GC: Disabled
[2026-03-27T13:11:50.974+0800][gc,metaspace] CDS archive(s) mapped at: [0x0000000300000000-0x0000000300c78000-0x0000000300c78000), size 13074432, SharedBaseAddress: 0x0000000300000000, ArchiveRelocationMode: 1.
[2026-03-27T13:11:50.974+0800][gc,metaspace] Compressed class space mapped at: 0x0000000301000000-0x0000000341000000, reserved size: 1073741824
[2026-03-27T13:11:50.974+0800][gc,metaspace] Narrow klass base: 0x0000000300000000, Narrow klass shift: 0, Narrow klass range: 0x100000000
[2026-03-27T13:11:51.372+0800][gc,start    ] GC(0) Pause Young (Normal) (G1 Evacuation Pause)
[2026-03-27T13:11:51.372+0800][gc,task     ] GC(0) Using 8 workers of 8 for evacuation
[2026-03-27T13:11:51.374+0800][gc,phases   ] GC(0)   Pre Evacuate Collection Set: 0.1ms
[2026-03-27T13:11:51.374+0800][gc,phases   ] GC(0)   Merge Heap Roots: 0.0ms
[2026-03-27T13:11:51.374+0800][gc,phases   ] GC(0)   Evacuate Collection Set: 2.0ms
[2026-03-27T13:11:51.374+0800][gc,phases   ] GC(0)   Post Evacuate Collection Set: 0.2ms
[2026-03-27T13:11:51.374+0800][gc,phases   ] GC(0)   Other: 0.2ms
[2026-03-27T13:11:51.374+0800][gc,heap     ] GC(0) Eden regions: 25->0(21)
[2026-03-27T13:11:51.374+0800][gc,heap     ] GC(0) Survivor regions: 0->4(4)
[2026-03-27T13:11:51.374+0800][gc,heap     ] GC(0) Old regions: 0->4
[2026-03-27T13:11:51.374+0800][gc,heap     ] GC(0) Archive regions: 2->2
[2026-03-27T13:11:51.374+0800][gc,heap     ] GC(0) Humongous regions: 0->0
[2026-03-27T13:11:51.374+0800][gc,metaspace] GC(0) Metaspace: 8041K(8256K)->8041K(8256K) NonClass: 7177K(7296K)->7177K(7296K) Class: 864K(960K)->864K(960K)
[2026-03-27T13:11:51.374+0800][gc          ] GC(0) Pause Young (Normal) (G1 Evacuation Pause) 25M->8M(512M) 2.651ms
[2026-03-27T13:11:51.374+0800][gc,cpu      ] GC(0) User=0.01s Sys=0.01s Real=0.00s
[2026-03-27T15:29:00.478+0800][gc,heap,exit] Heap
[2026-03-27T15:29:00.479+0800][gc,heap,exit]  garbage-first heap   total 524288K, used 23183K [0x00000007e0000000, 0x0000000800000000)
[2026-03-27T15:29:00.479+0800][gc,heap,exit]   region size 1024K, 18 young (18432K), 4 survivors (4096K)
[2026-03-27T15:29:00.479+0800][gc,heap,exit]  Metaspace       used 9369K, committed 9600K, reserved 1114112K
[2026-03-27T15:29:00.479+0800][gc,heap,exit]   class space    used 968K, committed 1088K, reserved 1048576K
