[2025-07-12T15:35:45.264+0800][gc,init] CardTable entry size: 512
[2025-07-12T15:35:45.265+0800][gc     ] Using G1
[2025-07-12T15:35:45.266+0800][gc,init] Version: 24.0.1+9 (release)
[2025-07-12T15:35:45.266+0800][gc,init] CPUs: 8 total, 8 available
[2025-07-12T15:35:45.266+0800][gc,init] Memory: 16384M
[2025-07-12T15:35:45.266+0800][gc,init] Large Page Support: Disabled
[2025-07-12T15:35:45.266+0800][gc,init] NUMA Support: Disabled
[2025-07-12T15:35:45.266+0800][gc,init] Compressed Oops: Enabled (Zero based)
[2025-07-12T15:35:45.266+0800][gc,init] Heap Region Size: 1M
[2025-07-12T15:35:45.266+0800][gc,init] Heap Min Capacity: 1G
[2025-07-12T15:35:45.266+0800][gc,init] Heap Initial Capacity: 1G
[2025-07-12T15:35:45.266+0800][gc,init] Heap Max Capacity: 1G
[2025-07-12T15:35:45.266+0800][gc,init] Pre-touch: Disabled
[2025-07-12T15:35:45.266+0800][gc,init] Parallel Workers: 8
[2025-07-12T15:35:45.266+0800][gc,init] Concurrent Workers: 2
[2025-07-12T15:35:45.266+0800][gc,init] Concurrent Refinement Workers: 8
[2025-07-12T15:35:45.266+0800][gc,init] Periodic GC: Disabled
[2025-07-12T15:35:45.268+0800][gc,metaspace] CDS archive(s) mapped at: [0x000000f800000000-0x000000f800d18000-0x000000f800d18000), size 13729792, SharedBaseAddress: 0x000000f800000000, ArchiveRelocationMode: 1.
[2025-07-12T15:35:45.268+0800][gc,metaspace] Compressed class space mapped at: 0x000000f801000000-0x000000f841000000, reserved size: 1073741824
[2025-07-12T15:35:45.268+0800][gc,metaspace] UseCompressedClassPointers 1, UseCompactObjectHeaders 0
[2025-07-12T15:35:45.268+0800][gc,metaspace] Narrow klass pointer bits 32, Max shift 3
[2025-07-12T15:35:45.268+0800][gc,metaspace] Narrow klass base: 0x000000f800000000, Narrow klass shift: 0
[2025-07-12T15:35:45.268+0800][gc,metaspace] Encoding Range: [0x000000f800000000 - 0x000000f900000000), (4294967296 bytes)
[2025-07-12T15:35:45.268+0800][gc,metaspace] Klass Range:    [0x000000f800000000 - 0x000000f841000000), (1090519040 bytes)
[2025-07-12T15:35:45.268+0800][gc,metaspace] Klass ID Range:  [8 - 1090519033) (1090519025)
[2025-07-12T15:35:46.156+0800][gc,start    ] GC(0) Pause Young (Normal) (G1 Evacuation Pause)
[2025-07-12T15:35:46.156+0800][gc,task     ] GC(0) Using 8 workers of 8 for evacuation
[2025-07-12T15:35:46.159+0800][gc,phases   ] GC(0)   Pre Evacuate Collection Set: 0.15ms
[2025-07-12T15:35:46.159+0800][gc,phases   ] GC(0)   Merge Heap Roots: 0.04ms
[2025-07-12T15:35:46.159+0800][gc,phases   ] GC(0)   Evacuate Collection Set: 2.31ms
[2025-07-12T15:35:46.159+0800][gc,phases   ] GC(0)   Post Evacuate Collection Set: 0.34ms
[2025-07-12T15:35:46.159+0800][gc,phases   ] GC(0)   Other: 0.23ms
[2025-07-12T15:35:46.159+0800][gc,heap     ] GC(0) Eden regions: 51->0(44)
[2025-07-12T15:35:46.159+0800][gc,heap     ] GC(0) Survivor regions: 0->7(7)
[2025-07-12T15:35:46.159+0800][gc,heap     ] GC(0) Old regions: 2->3
[2025-07-12T15:35:46.159+0800][gc,heap     ] GC(0) Humongous regions: 0->0
[2025-07-12T15:35:46.159+0800][gc,metaspace] GC(0) Metaspace: 17508K(17664K)->17508K(17664K) NonClass: 15836K(15936K)->15836K(15936K) Class: 1671K(1728K)->1671K(1728K)
[2025-07-12T15:35:46.159+0800][gc          ] GC(0) Pause Young (Normal) (G1 Evacuation Pause) 52M->8M(1024M) 3.247ms
[2025-07-12T15:35:46.159+0800][gc,cpu      ] GC(0) User=0.01s Sys=0.01s Real=0.00s
[2025-07-12T15:35:46.349+0800][gc,start    ] GC(1) Pause Young (Concurrent Start) (Metadata GC Threshold)
[2025-07-12T15:35:46.349+0800][gc,task     ] GC(1) Using 8 workers of 8 for evacuation
[2025-07-12T15:35:46.351+0800][gc,phases   ] GC(1)   Pre Evacuate Collection Set: 0.19ms
[2025-07-12T15:35:46.351+0800][gc,phases   ] GC(1)   Merge Heap Roots: 0.04ms
[2025-07-12T15:35:46.351+0800][gc,phases   ] GC(1)   Evacuate Collection Set: 2.08ms
[2025-07-12T15:35:46.351+0800][gc,phases   ] GC(1)   Post Evacuate Collection Set: 0.23ms
[2025-07-12T15:35:46.351+0800][gc,phases   ] GC(1)   Other: 0.05ms
[2025-07-12T15:35:46.351+0800][gc,heap     ] GC(1) Eden regions: 17->0(74)
[2025-07-12T15:35:46.351+0800][gc,heap     ] GC(1) Survivor regions: 7->2(7)
[2025-07-12T15:35:46.351+0800][gc,heap     ] GC(1) Old regions: 3->10
[2025-07-12T15:35:46.351+0800][gc,heap     ] GC(1) Humongous regions: 129->129
[2025-07-12T15:35:46.351+0800][gc,metaspace] GC(1) Metaspace: 21272K(21504K)->21272K(21504K) NonClass: 19182K(19264K)->19182K(19264K) Class: 2089K(2240K)->2089K(2240K)
[2025-07-12T15:35:46.351+0800][gc          ] GC(1) Pause Young (Concurrent Start) (Metadata GC Threshold) 154M->139M(1024M) 2.782ms
[2025-07-12T15:35:46.351+0800][gc          ] GC(2) Concurrent Mark Cycle
[2025-07-12T15:35:46.351+0800][gc,cpu      ] GC(1) User=0.01s Sys=0.00s Real=0.01s
[2025-07-12T15:35:46.351+0800][gc,marking  ] GC(2) Concurrent Scan Root Regions
[2025-07-12T15:35:46.353+0800][gc,marking  ] GC(2) Concurrent Scan Root Regions 1.824ms
[2025-07-12T15:35:46.353+0800][gc,marking  ] GC(2) Concurrent Mark
[2025-07-12T15:35:46.353+0800][gc,marking  ] GC(2) Concurrent Mark From Roots
[2025-07-12T15:35:46.353+0800][gc,task     ] GC(2) Using 2 workers of 2 for marking
[2025-07-12T15:35:46.355+0800][gc,marking  ] GC(2) Concurrent Mark From Roots 1.603ms
[2025-07-12T15:35:46.355+0800][gc,marking  ] GC(2) Concurrent Preclean
[2025-07-12T15:35:46.355+0800][gc,marking  ] GC(2) Concurrent Preclean 0.028ms
[2025-07-12T15:35:46.355+0800][gc,start    ] GC(2) Pause Remark
[2025-07-12T15:35:46.356+0800][gc          ] GC(2) Pause Remark 140M->140M(1024M) 1.263ms
[2025-07-12T15:35:46.356+0800][gc,cpu      ] GC(2) User=0.00s Sys=0.00s Real=0.00s
[2025-07-12T15:35:46.356+0800][gc,marking  ] GC(2) Concurrent Mark 3.100ms
[2025-07-12T15:35:46.356+0800][gc,marking  ] GC(2) Concurrent Rebuild Remembered Sets and Scrub Regions
[2025-07-12T15:35:46.359+0800][gc,marking  ] GC(2) Concurrent Rebuild Remembered Sets and Scrub Regions 2.278ms
[2025-07-12T15:35:46.359+0800][gc,start    ] GC(2) Pause Cleanup
[2025-07-12T15:35:46.359+0800][gc          ] GC(2) Pause Cleanup 140M->140M(1024M) 0.027ms
[2025-07-12T15:35:46.359+0800][gc,cpu      ] GC(2) User=0.00s Sys=0.00s Real=0.00s
[2025-07-12T15:35:46.359+0800][gc,marking  ] GC(2) Concurrent Clear Claimed Marks
[2025-07-12T15:35:46.359+0800][gc,marking  ] GC(2) Concurrent Clear Claimed Marks 0.023ms
[2025-07-12T15:35:46.359+0800][gc,marking  ] GC(2) Concurrent Cleanup for Next Mark
[2025-07-12T15:35:46.360+0800][gc,marking  ] GC(2) Concurrent Cleanup for Next Mark 1.407ms
[2025-07-12T15:35:46.360+0800][gc          ] GC(2) Concurrent Mark Cycle 8.870ms
[2025-07-12T15:35:46.945+0800][gc,start    ] GC(3) Pause Young (Prepare Mixed) (Metadata GC Threshold)
[2025-07-12T15:35:46.945+0800][gc,task     ] GC(3) Using 8 workers of 8 for evacuation
[2025-07-12T15:35:46.950+0800][gc,phases   ] GC(3)   Pre Evacuate Collection Set: 0.22ms
[2025-07-12T15:35:46.950+0800][gc,phases   ] GC(3)   Merge Heap Roots: 0.06ms
[2025-07-12T15:35:46.950+0800][gc,phases   ] GC(3)   Evacuate Collection Set: 3.37ms
[2025-07-12T15:35:46.950+0800][gc,phases   ] GC(3)   Post Evacuate Collection Set: 0.55ms
[2025-07-12T15:35:46.950+0800][gc,phases   ] GC(3)   Other: 0.08ms
[2025-07-12T15:35:46.950+0800][gc,heap     ] GC(3) Eden regions: 70->0(74)
[2025-07-12T15:35:46.950+0800][gc,heap     ] GC(3) Survivor regions: 2->7(10)
[2025-07-12T15:35:46.950+0800][gc,heap     ] GC(3) Old regions: 10->10
[2025-07-12T15:35:46.950+0800][gc,heap     ] GC(3) Humongous regions: 129->129
[2025-07-12T15:35:46.950+0800][gc,metaspace] GC(3) Metaspace: 35872K(36160K)->35872K(36160K) NonClass: 32293K(32448K)->32293K(32448K) Class: 3579K(3712K)->3579K(3712K)
[2025-07-12T15:35:46.950+0800][gc          ] GC(3) Pause Young (Prepare Mixed) (Metadata GC Threshold) 209M->145M(1024M) 4.583ms
[2025-07-12T15:35:46.950+0800][gc,cpu      ] GC(3) User=0.03s Sys=0.00s Real=0.01s
[2025-07-12T15:35:46.995+0800][gc,start    ] GC(4) Pause Young (Mixed) (Metadata GC Threshold)
[2025-07-12T15:35:46.995+0800][gc,task     ] GC(4) Using 8 workers of 8 for evacuation
[2025-07-12T15:35:46.998+0800][gc,phases   ] GC(4)   Pre Evacuate Collection Set: 0.15ms
[2025-07-12T15:35:46.998+0800][gc,phases   ] GC(4)   Merge Heap Roots: 0.03ms
[2025-07-12T15:35:46.998+0800][gc,phases   ] GC(4)   Evacuate Collection Set: 1.63ms
[2025-07-12T15:35:46.998+0800][gc,phases   ] GC(4)   Post Evacuate Collection Set: 0.30ms
[2025-07-12T15:35:46.998+0800][gc,phases   ] GC(4)   Other: 0.08ms
[2025-07-12T15:35:46.998+0800][gc,heap     ] GC(4) Eden regions: 3->0(85)
[2025-07-12T15:35:46.998+0800][gc,heap     ] GC(4) Survivor regions: 7->7(11)
[2025-07-12T15:35:46.998+0800][gc,heap     ] GC(4) Old regions: 10->11
[2025-07-12T15:35:46.998+0800][gc,heap     ] GC(4) Humongous regions: 129->129
[2025-07-12T15:35:46.998+0800][gc,metaspace] GC(4) Metaspace: 36181K(36480K)->36181K(36480K) NonClass: 32548K(32704K)->32548K(32704K) Class: 3632K(3776K)->3632K(3776K)
[2025-07-12T15:35:46.998+0800][gc          ] GC(4) Pause Young (Mixed) (Metadata GC Threshold) 147M->145M(1024M) 2.451ms
[2025-07-12T15:35:46.998+0800][gc,cpu      ] GC(4) User=0.01s Sys=0.00s Real=0.00s
[2025-07-12T15:37:46.861+0800][gc,start    ] GC(5) Pause Young (Concurrent Start) (Metadata GC Threshold)
[2025-07-12T15:37:46.863+0800][gc,task     ] GC(5) Using 8 workers of 8 for evacuation
[2025-07-12T15:37:46.872+0800][gc,phases   ] GC(5)   Pre Evacuate Collection Set: 1.45ms
[2025-07-12T15:37:46.872+0800][gc,phases   ] GC(5)   Merge Heap Roots: 0.14ms
[2025-07-12T15:37:46.872+0800][gc,phases   ] GC(5)   Evacuate Collection Set: 7.23ms
[2025-07-12T15:37:46.872+0800][gc,phases   ] GC(5)   Post Evacuate Collection Set: 0.58ms
[2025-07-12T15:37:46.872+0800][gc,phases   ] GC(5)   Other: 1.10ms
[2025-07-12T15:37:46.873+0800][gc,heap     ] GC(5) Eden regions: 8->0(81)
[2025-07-12T15:37:46.873+0800][gc,heap     ] GC(5) Survivor regions: 7->6(12)
[2025-07-12T15:37:46.873+0800][gc,heap     ] GC(5) Old regions: 11->11
[2025-07-12T15:37:46.873+0800][gc,heap     ] GC(5) Humongous regions: 129->129
[2025-07-12T15:37:46.873+0800][gc,metaspace] GC(5) Metaspace: 36526K(36800K)->36526K(36800K) NonClass: 32845K(32960K)->32845K(32960K) Class: 3681K(3840K)->3681K(3840K)
[2025-07-12T15:37:46.873+0800][gc          ] GC(5) Pause Young (Concurrent Start) (Metadata GC Threshold) 153M->145M(1024M) 12.036ms
[2025-07-12T15:37:46.873+0800][gc          ] GC(6) Concurrent Mark Cycle
[2025-07-12T15:37:46.873+0800][gc,cpu      ] GC(5) User=0.02s Sys=0.01s Real=0.01s
[2025-07-12T15:37:46.873+0800][gc,marking  ] GC(6) Concurrent Scan Root Regions
[2025-07-12T15:37:46.876+0800][gc,marking  ] GC(6) Concurrent Scan Root Regions 2.986ms
[2025-07-12T15:37:46.876+0800][gc,marking  ] GC(6) Concurrent Mark
[2025-07-12T15:37:46.876+0800][gc,marking  ] GC(6) Concurrent Mark From Roots
[2025-07-12T15:37:46.876+0800][gc,task     ] GC(6) Using 2 workers of 2 for marking
[2025-07-12T15:37:46.882+0800][gc,marking  ] GC(6) Concurrent Mark From Roots 6.353ms
[2025-07-12T15:37:46.882+0800][gc,marking  ] GC(6) Concurrent Preclean
[2025-07-12T15:37:46.882+0800][gc,marking  ] GC(6) Concurrent Preclean 0.051ms
[2025-07-12T15:37:46.882+0800][gc,start    ] GC(6) Pause Remark
[2025-07-12T15:37:46.884+0800][gc          ] GC(6) Pause Remark 146M->146M(1024M) 1.988ms
[2025-07-12T15:37:46.884+0800][gc,cpu      ] GC(6) User=0.01s Sys=0.00s Real=0.00s
[2025-07-12T15:37:46.884+0800][gc,marking  ] GC(6) Concurrent Mark 8.589ms
[2025-07-12T15:37:46.884+0800][gc,marking  ] GC(6) Concurrent Rebuild Remembered Sets and Scrub Regions
[2025-07-12T15:37:46.887+0800][gc,marking  ] GC(6) Concurrent Rebuild Remembered Sets and Scrub Regions 2.342ms
[2025-07-12T15:37:46.887+0800][gc,start    ] GC(6) Pause Cleanup
[2025-07-12T15:37:46.887+0800][gc          ] GC(6) Pause Cleanup 146M->146M(1024M) 0.026ms
[2025-07-12T15:37:46.887+0800][gc,cpu      ] GC(6) User=0.00s Sys=0.00s Real=0.00s
[2025-07-12T15:37:46.887+0800][gc,marking  ] GC(6) Concurrent Clear Claimed Marks
[2025-07-12T15:37:46.887+0800][gc,marking  ] GC(6) Concurrent Clear Claimed Marks 0.012ms
[2025-07-12T15:37:46.887+0800][gc,marking  ] GC(6) Concurrent Cleanup for Next Mark
[2025-07-12T15:37:46.889+0800][gc,marking  ] GC(6) Concurrent Cleanup for Next Mark 1.673ms
[2025-07-12T15:37:46.889+0800][gc          ] GC(6) Concurrent Mark Cycle 15.942ms
[2025-07-12T15:58:31.851+0800][gc,start    ] GC(7) Pause Young (Prepare Mixed) (G1 Evacuation Pause)
[2025-07-12T15:58:31.853+0800][gc,task     ] GC(7) Using 8 workers of 8 for evacuation
[2025-07-12T15:58:31.873+0800][gc,mmu      ] GC(7) MMU target violated: 20.1ms (20.0ms/21.0ms)
[2025-07-12T15:58:31.873+0800][gc,phases   ] GC(7)   Pre Evacuate Collection Set: 1.27ms
[2025-07-12T15:58:31.873+0800][gc,phases   ] GC(7)   Merge Heap Roots: 0.15ms
[2025-07-12T15:58:31.873+0800][gc,phases   ] GC(7)   Evacuate Collection Set: 17.91ms
[2025-07-12T15:58:31.873+0800][gc,phases   ] GC(7)   Post Evacuate Collection Set: 0.69ms
[2025-07-12T15:58:31.873+0800][gc,phases   ] GC(7)   Other: 0.21ms
[2025-07-12T15:58:31.873+0800][gc,heap     ] GC(7) Eden regions: 81->0(41)
[2025-07-12T15:58:31.873+0800][gc,heap     ] GC(7) Survivor regions: 6->10(11)
[2025-07-12T15:58:31.873+0800][gc,heap     ] GC(7) Old regions: 11->11
[2025-07-12T15:58:31.873+0800][gc,heap     ] GC(7) Humongous regions: 129->129
[2025-07-12T15:58:31.873+0800][gc,metaspace] GC(7) Metaspace: 42134K(42816K)->42134K(42816K) NonClass: 37475K(37888K)->37475K(37888K) Class: 4659K(4928K)->4659K(4928K)
[2025-07-12T15:58:31.873+0800][gc          ] GC(7) Pause Young (Prepare Mixed) (G1 Evacuation Pause) 226M->148M(1024M) 22.718ms
[2025-07-12T15:58:31.873+0800][gc,cpu      ] GC(7) User=0.03s Sys=0.05s Real=0.02s
[2025-07-12T18:33:47.441+0800][gc,start    ] GC(8) Pause Young (Mixed) (G1 Evacuation Pause)
[2025-07-12T18:33:47.445+0800][gc,task     ] GC(8) Using 8 workers of 8 for evacuation
[2025-07-12T18:33:47.459+0800][gc,phases   ] GC(8)   Pre Evacuate Collection Set: 1.09ms
[2025-07-12T18:33:47.460+0800][gc,phases   ] GC(8)   Merge Heap Roots: 0.40ms
[2025-07-12T18:33:47.460+0800][gc,phases   ] GC(8)   Evacuate Collection Set: 11.54ms
[2025-07-12T18:33:47.460+0800][gc,phases   ] GC(8)   Post Evacuate Collection Set: 1.26ms
[2025-07-12T18:33:47.460+0800][gc,phases   ] GC(8)   Other: 1.32ms
[2025-07-12T18:33:47.460+0800][gc,heap     ] GC(8) Eden regions: 41->0(61)
[2025-07-12T18:33:47.460+0800][gc,heap     ] GC(8) Survivor regions: 10->4(7)
[2025-07-12T18:33:47.460+0800][gc,heap     ] GC(8) Old regions: 11->16
[2025-07-12T18:33:47.460+0800][gc,heap     ] GC(8) Humongous regions: 129->129
[2025-07-12T18:33:47.460+0800][gc,metaspace] GC(8) Metaspace: 42331K(43008K)->42331K(43008K) NonClass: 37671K(38080K)->37671K(38080K) Class: 4659K(4928K)->4659K(4928K)
[2025-07-12T18:33:47.460+0800][gc          ] GC(8) Pause Young (Mixed) (G1 Evacuation Pause) 189M->148M(1024M) 19.794ms
[2025-07-12T18:33:47.460+0800][gc,cpu      ] GC(8) User=0.03s Sys=0.03s Real=0.02s
[2025-07-12T20:28:03.546+0800][gc,start    ] GC(9) Pause Young (Normal) (G1 Evacuation Pause)
[2025-07-12T20:28:03.548+0800][gc,task     ] GC(9) Using 8 workers of 8 for evacuation
[2025-07-12T20:28:03.567+0800][gc,phases   ] GC(9)   Pre Evacuate Collection Set: 0.54ms
[2025-07-12T20:28:03.567+0800][gc,phases   ] GC(9)   Merge Heap Roots: 0.10ms
[2025-07-12T20:28:03.567+0800][gc,phases   ] GC(9)   Evacuate Collection Set: 17.82ms
[2025-07-12T20:28:03.567+0800][gc,phases   ] GC(9)   Post Evacuate Collection Set: 0.43ms
[2025-07-12T20:28:03.567+0800][gc,phases   ] GC(9)   Other: 0.14ms
[2025-07-12T20:28:03.567+0800][gc,heap     ] GC(9) Eden regions: 61->0(79)
[2025-07-12T20:28:03.567+0800][gc,heap     ] GC(9) Survivor regions: 4->4(9)
[2025-07-12T20:28:03.567+0800][gc,heap     ] GC(9) Old regions: 16->16
[2025-07-12T20:28:03.567+0800][gc,heap     ] GC(9) Humongous regions: 129->129
[2025-07-12T20:28:03.567+0800][gc,metaspace] GC(9) Metaspace: 42431K(43072K)->42431K(43072K) NonClass: 37768K(38144K)->37768K(38144K) Class: 4663K(4928K)->4663K(4928K)
[2025-07-12T20:28:03.567+0800][gc          ] GC(9) Pause Young (Normal) (G1 Evacuation Pause) 209M->148M(1024M) 20.974ms
[2025-07-12T20:28:03.567+0800][gc,cpu      ] GC(9) User=0.01s Sys=0.01s Real=0.02s
[2025-07-12T21:41:53.811+0800][gc,start    ] GC(10) Pause Young (Normal) (G1 Evacuation Pause)
[2025-07-12T21:41:53.814+0800][gc,task     ] GC(10) Using 8 workers of 8 for evacuation
[2025-07-12T21:41:53.820+0800][gc,phases   ] GC(10)   Pre Evacuate Collection Set: 0.89ms
[2025-07-12T21:41:53.820+0800][gc,phases   ] GC(10)   Merge Heap Roots: 0.33ms
[2025-07-12T21:41:53.820+0800][gc,phases   ] GC(10)   Evacuate Collection Set: 3.96ms
[2025-07-12T21:41:53.820+0800][gc,phases   ] GC(10)   Post Evacuate Collection Set: 1.08ms
[2025-07-12T21:41:53.821+0800][gc,phases   ] GC(10)   Other: 1.00ms
[2025-07-12T21:41:53.821+0800][gc,heap     ] GC(10) Eden regions: 79->0(94)
[2025-07-12T21:41:53.821+0800][gc,heap     ] GC(10) Survivor regions: 4->4(11)
[2025-07-12T21:41:53.821+0800][gc,heap     ] GC(10) Old regions: 16->16
[2025-07-12T21:41:53.821+0800][gc,heap     ] GC(10) Humongous regions: 129->129
[2025-07-12T21:41:53.821+0800][gc,metaspace] GC(10) Metaspace: 42458K(43072K)->42458K(43072K) NonClass: 37795K(38144K)->37795K(38144K) Class: 4663K(4928K)->4663K(4928K)
[2025-07-12T21:41:53.821+0800][gc          ] GC(10) Pause Young (Normal) (G1 Evacuation Pause) 227M->148M(1024M) 10.614ms
[2025-07-12T21:41:53.821+0800][gc,cpu      ] GC(10) User=0.01s Sys=0.02s Real=0.01s
[2025-07-13T01:51:55.854+0800][gc,start    ] GC(11) Pause Young (Normal) (G1 Evacuation Pause)
[2025-07-13T01:51:55.857+0800][gc,task     ] GC(11) Using 8 workers of 8 for evacuation
[2025-07-13T01:51:55.869+0800][gc,phases   ] GC(11)   Pre Evacuate Collection Set: 1.38ms
[2025-07-13T01:51:55.869+0800][gc,phases   ] GC(11)   Merge Heap Roots: 0.32ms
[2025-07-13T01:51:55.869+0800][gc,phases   ] GC(11)   Evacuate Collection Set: 6.49ms
[2025-07-13T01:51:55.869+0800][gc,phases   ] GC(11)   Post Evacuate Collection Set: 2.03ms
[2025-07-13T01:51:55.869+0800][gc,phases   ] GC(11)   Other: 1.88ms
[2025-07-13T01:51:55.869+0800][gc,heap     ] GC(11) Eden regions: 94->0(87)
[2025-07-13T01:51:55.869+0800][gc,heap     ] GC(11) Survivor regions: 4->4(13)
[2025-07-13T01:51:55.869+0800][gc,heap     ] GC(11) Old regions: 16->16
[2025-07-13T01:51:55.869+0800][gc,heap     ] GC(11) Humongous regions: 129->129
[2025-07-13T01:51:55.869+0800][gc,metaspace] GC(11) Metaspace: 42468K(43136K)->42468K(43136K) NonClass: 37804K(38208K)->37804K(38208K) Class: 4663K(4928K)->4663K(4928K)
[2025-07-13T01:51:55.869+0800][gc          ] GC(11) Pause Young (Normal) (G1 Evacuation Pause) 242M->148M(1024M) 17.285ms
[2025-07-13T01:51:55.869+0800][gc,cpu      ] GC(11) User=0.02s Sys=0.02s Real=0.01s
[2025-07-13T03:49:29.991+0800][gc,start    ] GC(12) Pause Young (Normal) (G1 Evacuation Pause)
[2025-07-13T03:49:29.992+0800][gc,task     ] GC(12) Using 8 workers of 8 for evacuation
[2025-07-13T03:49:30.002+0800][gc,phases   ] GC(12)   Pre Evacuate Collection Set: 1.43ms
[2025-07-13T03:49:30.002+0800][gc,phases   ] GC(12)   Merge Heap Roots: 0.30ms
[2025-07-13T03:49:30.002+0800][gc,phases   ] GC(12)   Evacuate Collection Set: 6.76ms
[2025-07-13T03:49:30.002+0800][gc,phases   ] GC(12)   Post Evacuate Collection Set: 0.87ms
[2025-07-13T03:49:30.002+0800][gc,phases   ] GC(12)   Other: 0.27ms
[2025-07-13T03:49:30.002+0800][gc,heap     ] GC(12) Eden regions: 87->0(93)
[2025-07-13T03:49:30.002+0800][gc,heap     ] GC(12) Survivor regions: 4->4(12)
[2025-07-13T03:49:30.002+0800][gc,heap     ] GC(12) Old regions: 16->16
[2025-07-13T03:49:30.002+0800][gc,heap     ] GC(12) Humongous regions: 129->129
[2025-07-13T03:49:30.002+0800][gc,metaspace] GC(12) Metaspace: 42493K(43136K)->42493K(43136K) NonClass: 37830K(38208K)->37830K(38208K) Class: 4663K(4928K)->4663K(4928K)
[2025-07-13T03:49:30.002+0800][gc          ] GC(12) Pause Young (Normal) (G1 Evacuation Pause) 235M->148M(1024M) 10.880ms
[2025-07-13T03:49:30.002+0800][gc,cpu      ] GC(12) User=0.02s Sys=0.01s Real=0.01s
[2025-07-13T05:13:01.643+0800][gc,start    ] GC(13) Pause Young (Normal) (G1 Evacuation Pause)
[2025-07-13T05:13:01.643+0800][gc,task     ] GC(13) Using 8 workers of 8 for evacuation
[2025-07-13T05:13:01.649+0800][gc,phases   ] GC(13)   Pre Evacuate Collection Set: 0.44ms
[2025-07-13T05:13:01.649+0800][gc,phases   ] GC(13)   Merge Heap Roots: 0.09ms
[2025-07-13T05:13:01.649+0800][gc,phases   ] GC(13)   Evacuate Collection Set: 4.91ms
[2025-07-13T05:13:01.649+0800][gc,phases   ] GC(13)   Post Evacuate Collection Set: 0.52ms
[2025-07-13T05:13:01.649+0800][gc,phases   ] GC(13)   Other: 0.16ms
[2025-07-13T05:13:01.649+0800][gc,heap     ] GC(13) Eden regions: 93->0(108)
[2025-07-13T05:13:01.649+0800][gc,heap     ] GC(13) Survivor regions: 4->4(13)
[2025-07-13T05:13:01.649+0800][gc,heap     ] GC(13) Old regions: 16->16
[2025-07-13T05:13:01.649+0800][gc,heap     ] GC(13) Humongous regions: 129->129
[2025-07-13T05:13:01.649+0800][gc,metaspace] GC(13) Metaspace: 42501K(43200K)->42501K(43200K) NonClass: 37838K(38272K)->37838K(38272K) Class: 4663K(4928K)->4663K(4928K)
[2025-07-13T05:13:01.649+0800][gc          ] GC(13) Pause Young (Normal) (G1 Evacuation Pause) 241M->147M(1024M) 6.570ms
[2025-07-13T05:13:01.649+0800][gc,cpu      ] GC(13) User=0.01s Sys=0.01s Real=0.00s
[2025-07-13T06:45:32.560+0800][gc,start    ] GC(14) Pause Young (Normal) (G1 Evacuation Pause)
[2025-07-13T06:45:32.561+0800][gc,task     ] GC(14) Using 8 workers of 8 for evacuation
[2025-07-13T06:45:32.569+0800][gc,phases   ] GC(14)   Pre Evacuate Collection Set: 0.92ms
[2025-07-13T06:45:32.569+0800][gc,phases   ] GC(14)   Merge Heap Roots: 0.15ms
[2025-07-13T06:45:32.569+0800][gc,phases   ] GC(14)   Evacuate Collection Set: 5.03ms
[2025-07-13T06:45:32.569+0800][gc,phases   ] GC(14)   Post Evacuate Collection Set: 1.05ms
[2025-07-13T06:45:32.569+0800][gc,phases   ] GC(14)   Other: 0.28ms
[2025-07-13T06:45:32.569+0800][gc,heap     ] GC(14) Eden regions: 108->0(108)
[2025-07-13T06:45:32.569+0800][gc,heap     ] GC(14) Survivor regions: 4->4(14)
[2025-07-13T06:45:32.569+0800][gc,heap     ] GC(14) Old regions: 16->16
[2025-07-13T06:45:32.569+0800][gc,heap     ] GC(14) Humongous regions: 129->129
[2025-07-13T06:45:32.569+0800][gc,metaspace] GC(14) Metaspace: 42503K(43200K)->42503K(43200K) NonClass: 37840K(38272K)->37840K(38272K) Class: 4663K(4928K)->4663K(4928K)
[2025-07-13T06:45:32.569+0800][gc          ] GC(14) Pause Young (Normal) (G1 Evacuation Pause) 255M->147M(1024M) 9.061ms
[2025-07-13T06:45:32.569+0800][gc,cpu      ] GC(14) User=0.02s Sys=0.01s Real=0.00s
[2025-07-13T08:50:49.180+0800][gc,start    ] GC(15) Pause Young (Normal) (G1 Evacuation Pause)
[2025-07-13T08:50:49.181+0800][gc,task     ] GC(15) Using 8 workers of 8 for evacuation
[2025-07-13T08:50:49.191+0800][gc,phases   ] GC(15)   Pre Evacuate Collection Set: 1.46ms
[2025-07-13T08:50:49.191+0800][gc,phases   ] GC(15)   Merge Heap Roots: 0.21ms
[2025-07-13T08:50:49.191+0800][gc,phases   ] GC(15)   Evacuate Collection Set: 6.55ms
[2025-07-13T08:50:49.191+0800][gc,phases   ] GC(15)   Post Evacuate Collection Set: 0.77ms
[2025-07-13T08:50:49.191+0800][gc,phases   ] GC(15)   Other: 0.28ms
[2025-07-13T08:50:49.191+0800][gc,heap     ] GC(15) Eden regions: 108->0(119)
[2025-07-13T08:50:49.191+0800][gc,heap     ] GC(15) Survivor regions: 4->4(14)
[2025-07-13T08:50:49.191+0800][gc,heap     ] GC(15) Old regions: 16->16
[2025-07-13T08:50:49.191+0800][gc,heap     ] GC(15) Humongous regions: 129->129
[2025-07-13T08:50:49.191+0800][gc,metaspace] GC(15) Metaspace: 42523K(43200K)->42523K(43200K) NonClass: 37860K(38272K)->37860K(38272K) Class: 4663K(4928K)->4663K(4928K)
[2025-07-13T08:50:49.191+0800][gc          ] GC(15) Pause Young (Normal) (G1 Evacuation Pause) 255M->148M(1024M) 10.851ms
[2025-07-13T08:50:49.191+0800][gc,cpu      ] GC(15) User=0.01s Sys=0.01s Real=0.01s
[2025-07-13T11:29:16.141+0800][gc,start    ] GC(16) Pause Young (Normal) (G1 Evacuation Pause)
[2025-07-13T11:29:16.143+0800][gc,task     ] GC(16) Using 8 workers of 8 for evacuation
[2025-07-13T11:29:16.153+0800][gc,phases   ] GC(16)   Pre Evacuate Collection Set: 1.48ms
[2025-07-13T11:29:16.154+0800][gc,phases   ] GC(16)   Merge Heap Roots: 0.32ms
[2025-07-13T11:29:16.154+0800][gc,phases   ] GC(16)   Evacuate Collection Set: 7.99ms
[2025-07-13T11:29:16.154+0800][gc,phases   ] GC(16)   Post Evacuate Collection Set: 0.87ms
[2025-07-13T11:29:16.154+0800][gc,phases   ] GC(16)   Other: 0.32ms
[2025-07-13T11:29:16.154+0800][gc,heap     ] GC(16) Eden regions: 119->0(115)
[2025-07-13T11:29:16.154+0800][gc,heap     ] GC(16) Survivor regions: 4->4(16)
[2025-07-13T11:29:16.154+0800][gc,heap     ] GC(16) Old regions: 16->16
[2025-07-13T11:29:16.154+0800][gc,heap     ] GC(16) Humongous regions: 129->129
[2025-07-13T11:29:16.154+0800][gc,metaspace] GC(16) Metaspace: 42959K(43584K)->42959K(43584K) NonClass: 38295K(38656K)->38295K(38656K) Class: 4663K(4928K)->4663K(4928K)
[2025-07-13T11:29:16.154+0800][gc          ] GC(16) Pause Young (Normal) (G1 Evacuation Pause) 267M->148M(1024M) 12.530ms
[2025-07-13T11:29:16.154+0800][gc,cpu      ] GC(16) User=0.01s Sys=0.02s Real=0.01s
[2025-07-13T14:20:13.456+0800][gc,heap,exit] Heap
[2025-07-13T14:20:13.456+0800][gc,heap,exit]  garbage-first heap   total reserved 1048576K, committed 1048576K, used 182096K [0x00000007c0000000, 0x0000000800000000)
[2025-07-13T14:20:13.456+0800][gc,heap,exit]   region size 1024K, 34 young (34816K), 4 survivors (4096K)
[2025-07-13T14:20:13.456+0800][gc,heap,exit]  Metaspace       used 43914K, committed 44544K, reserved 1114112K
[2025-07-13T14:20:13.456+0800][gc,heap,exit]   class space    used 4862K, committed 5120K, reserved 1048576K
