[2025-09-08T16:26:38.905+0800][gc,init] CardTable entry size: 512
[2025-09-08T16:26:38.905+0800][gc     ] Using G1
[2025-09-08T16:26:38.906+0800][gc,init] Version: 20.0.2+9-78 (release)
[2025-09-08T16:26:38.906+0800][gc,init] CPUs: 8 total, 8 available
[2025-09-08T16:26:38.906+0800][gc,init] Memory: 16384M
[2025-09-08T16:26:38.906+0800][gc,init] Large Page Support: Disabled
[2025-09-08T16:26:38.906+0800][gc,init] NUMA Support: Disabled
[2025-09-08T16:26:38.906+0800][gc,init] Compressed Oops: Enabled (Zero based)
[2025-09-08T16:26:38.906+0800][gc,init] Heap Region Size: 1M
[2025-09-08T16:26:38.906+0800][gc,init] Heap Min Capacity: 512M
[2025-09-08T16:26:38.906+0800][gc,init] Heap Initial Capacity: 512M
[2025-09-08T16:26:38.906+0800][gc,init] Heap Max Capacity: 512M
[2025-09-08T16:26:38.906+0800][gc,init] Pre-touch: Disabled
[2025-09-08T16:26:38.906+0800][gc,init] Parallel Workers: 8
[2025-09-08T16:26:38.906+0800][gc,init] Concurrent Workers: 2
[2025-09-08T16:26:38.906+0800][gc,init] Concurrent Refinement Workers: 8
[2025-09-08T16:26:38.906+0800][gc,init] Periodic GC: Disabled
[2025-09-08T16:26:38.911+0800][gc,metaspace] CDS archive(s) mapped at: [0x0000000600000000-0x0000000600c78000-0x0000000600c78000), size 13074432, SharedBaseAddress: 0x0000000600000000, ArchiveRelocationMode: 1.
[2025-09-08T16:26:38.911+0800][gc,metaspace] Compressed class space mapped at: 0x0000000601000000-0x0000000641000000, reserved size: 1073741824
[2025-09-08T16:26:38.911+0800][gc,metaspace] Narrow klass base: 0x0000000600000000, Narrow klass shift: 0, Narrow klass range: 0x100000000
[2025-09-08T16:26:39.445+0800][gc,start    ] GC(0) Pause Young (Normal) (G1 Evacuation Pause)
[2025-09-08T16:26:39.445+0800][gc,task     ] GC(0) Using 8 workers of 8 for evacuation
[2025-09-08T16:26:39.448+0800][gc,phases   ] GC(0)   Pre Evacuate Collection Set: 0.1ms
[2025-09-08T16:26:39.448+0800][gc,phases   ] GC(0)   Merge Heap Roots: 0.1ms
[2025-09-08T16:26:39.448+0800][gc,phases   ] GC(0)   Evacuate Collection Set: 2.4ms
[2025-09-08T16:26:39.448+0800][gc,phases   ] GC(0)   Post Evacuate Collection Set: 0.4ms
[2025-09-08T16:26:39.448+0800][gc,phases   ] GC(0)   Other: 0.2ms
[2025-09-08T16:26:39.448+0800][gc,heap     ] GC(0) Eden regions: 25->0(21)
[2025-09-08T16:26:39.448+0800][gc,heap     ] GC(0) Survivor regions: 0->4(4)
[2025-09-08T16:26:39.448+0800][gc,heap     ] GC(0) Old regions: 0->5
[2025-09-08T16:26:39.448+0800][gc,heap     ] GC(0) Archive regions: 2->2
[2025-09-08T16:26:39.448+0800][gc,heap     ] GC(0) Humongous regions: 0->0
[2025-09-08T16:26:39.448+0800][gc,metaspace] GC(0) Metaspace: 8015K(8256K)->8015K(8256K) NonClass: 7149K(7296K)->7149K(7296K) Class: 865K(960K)->865K(960K)
[2025-09-08T16:26:39.448+0800][gc          ] GC(0) Pause Young (Normal) (G1 Evacuation Pause) 25M->9M(512M) 3.358ms
[2025-09-08T16:26:39.448+0800][gc,cpu      ] GC(0) User=0.02s Sys=0.01s Real=0.00s
[2025-09-09T02:47:30.256+0800][gc,start    ] GC(1) Pause Young (Normal) (G1 Evacuation Pause)
[2025-09-09T02:47:30.259+0800][gc,task     ] GC(1) Using 8 workers of 8 for evacuation
[2025-09-09T02:47:30.267+0800][gc,phases   ] GC(1)   Pre Evacuate Collection Set: 0.6ms
[2025-09-09T02:47:30.268+0800][gc,phases   ] GC(1)   Merge Heap Roots: 0.3ms
[2025-09-09T02:47:30.268+0800][gc,phases   ] GC(1)   Evacuate Collection Set: 6.1ms
[2025-09-09T02:47:30.268+0800][gc,phases   ] GC(1)   Post Evacuate Collection Set: 0.8ms
[2025-09-09T02:47:30.268+0800][gc,phases   ] GC(1)   Other: 1.5ms
[2025-09-09T02:47:30.268+0800][gc,heap     ] GC(1) Eden regions: 21->0(24)
[2025-09-09T02:47:30.268+0800][gc,heap     ] GC(1) Survivor regions: 4->1(4)
[2025-09-09T02:47:30.268+0800][gc,heap     ] GC(1) Old regions: 5->9
[2025-09-09T02:47:30.268+0800][gc,heap     ] GC(1) Archive regions: 2->2
[2025-09-09T02:47:30.268+0800][gc,heap     ] GC(1) Humongous regions: 0->0
[2025-09-09T02:47:30.268+0800][gc,metaspace] GC(1) Metaspace: 9382K(9664K)->9382K(9664K) NonClass: 8415K(8576K)->8415K(8576K) Class: 967K(1088K)->967K(1088K)
[2025-09-09T02:47:30.268+0800][gc          ] GC(1) Pause Young (Normal) (G1 Evacuation Pause) 30M->10M(512M) 12.576ms
[2025-09-09T02:47:30.268+0800][gc,cpu      ] GC(1) User=0.01s Sys=0.01s Real=0.01s
[2025-09-09T12:28:39.467+0800][gc,start    ] GC(2) Pause Young (Normal) (G1 Evacuation Pause)
[2025-09-09T12:28:39.469+0800][gc,task     ] GC(2) Using 8 workers of 8 for evacuation
[2025-09-09T12:28:39.486+0800][gc,phases   ] GC(2)   Pre Evacuate Collection Set: 1.6ms
[2025-09-09T12:28:39.486+0800][gc,phases   ] GC(2)   Merge Heap Roots: 0.6ms
[2025-09-09T12:28:39.486+0800][gc,phases   ] GC(2)   Evacuate Collection Set: 12.6ms
[2025-09-09T12:28:39.486+0800][gc,phases   ] GC(2)   Post Evacuate Collection Set: 0.7ms
[2025-09-09T12:28:39.486+0800][gc,phases   ] GC(2)   Other: 2.2ms
[2025-09-09T12:28:39.486+0800][gc,heap     ] GC(2) Eden regions: 24->0(24)
[2025-09-09T12:28:39.486+0800][gc,heap     ] GC(2) Survivor regions: 1->1(4)
[2025-09-09T12:28:39.486+0800][gc,heap     ] GC(2) Old regions: 9->9
[2025-09-09T12:28:39.486+0800][gc,heap     ] GC(2) Archive regions: 2->2
[2025-09-09T12:28:39.486+0800][gc,heap     ] GC(2) Humongous regions: 0->0
[2025-09-09T12:28:39.486+0800][gc,metaspace] GC(2) Metaspace: 9387K(9664K)->9387K(9664K) NonClass: 8419K(8576K)->8419K(8576K) Class: 967K(1088K)->967K(1088K)
[2025-09-09T12:28:39.486+0800][gc          ] GC(2) Pause Young (Normal) (G1 Evacuation Pause) 34M->10M(512M) 19.067ms
[2025-09-09T12:28:39.486+0800][gc,cpu      ] GC(2) User=0.01s Sys=0.02s Real=0.02s
[2025-09-09T15:42:33.005+0800][gc,heap,exit] Heap
[2025-09-09T15:42:33.005+0800][gc,heap,exit]  garbage-first heap   total 524288K, used 18551K [0x00000007e0000000, 0x0000000800000000)
[2025-09-09T15:42:33.005+0800][gc,heap,exit]   region size 1024K, 10 young (10240K), 1 survivors (1024K)
[2025-09-09T15:42:33.005+0800][gc,heap,exit]  Metaspace       used 9400K, committed 9664K, reserved 1114112K
[2025-09-09T15:42:33.005+0800][gc,heap,exit]   class space    used 968K, committed 1088K, reserved 1048576K
